
> web@0.1.0 lint
> next lint

[1G[0K=============

WARNING: You are currently running a version of TypeScript which is not officially supported by @typescript-eslint/typescript-estree.

You may find that it works just fine, or you may not.

SUPPORTED TYPESCRIPT VERSIONS: >=4.7.4 <5.5.0

YOUR TYPESCRIPT VERSION: 5.9.3

Please only submit bug reports when using the officially supported version.

=============

[36m./components/wizard/Step1Stack.tsx[39m
[33m2[39m:[33m24[39m  [31m[1mError[22m[39m: 'Circle' is defined but never used.  [90m[1mno-unused-vars[22m[39m
[33m9[39m:[33m9[39m  [31m[1mError[22m[39m: 'React' is not defined.  [90m[1mno-undef[22m[39m
[33m15[39m:[33m14[39m  [31m[1mError[22m[39m: 'id' is defined but never used.  [90m[1mno-unused-vars[22m[39m

[36m./components/wizard/Step2Features.tsx[39m
[33m1[39m:[33m10[39m  [31m[1mError[22m[39m: 'motion' is defined but never used.  [90m[1mno-unused-vars[22m[39m
[33m2[39m:[33m10[39m  [31m[1mError[22m[39m: 'Check' is defined but never used.  [90m[1mno-unused-vars[22m[39m
[33m7[39m:[33m14[39m  [31m[1mError[22m[39m: 'key' is defined but never used.  [90m[1mno-unused-vars[22m[39m
[33m7[39m:[33m27[39m  [31m[1mError[22m[39m: 'value' is defined but never used.  [90m[1mno-unused-vars[22m[39m

[36minfo[39m  - Need to disable some ESLint rules? Learn more here: https://nextjs.org/docs/basic-features/eslint#disabling-rules
[1G[0K⠙[1G[0K[1mnpm[22m [31merror[39m Lifecycle script `lint` failed with error:
[1G[0K⠙[1G[0K[1mnpm[22m [31merror[39m [94mcode[39m [33m1[39m
[1G[0K⠙[1G[0K[1mnpm[22m [31merror[39m [94mpath[39m /Users/getitrent/Projects/Personal/BuildBot/apps/web
[1G[0K⠙[1G[0K[1mnpm[22m [31merror[39m [94mworkspace[39m web@0.1.0
[1G[0K⠙[1G[0K[1mnpm[22m [31merror[39m [94mlocation[39m /Users/getitrent/Projects/Personal/BuildBot/apps/web
[1G[0K⠙[1G[0K[1mnpm[22m [31merror[39m command failed
[1G[0K⠙[1G[0K[1mnpm[22m [31merror[39m [94mcommand[39m sh -c next lint
[1G[0K⠙[1G[0K
